// Jest Snapshot v1, https://goo.gl/fbAQLP

exports[`renders photoviewer image correctly 1`] = `[Function]`;
